// Jest Snapshot v1, https://goo.gl/fbAQLP

exports[`ProductList should match snapshot 1`] = `
ShallowWrapper {
  Symbol(enzyme.__root__): [Circular],
  Symbol(enzyme.__unrendered__): <ProductList />,
  Symbol(enzyme.__renderer__): Object {
    "batchedUpdates": [Function],
    "checkPropTypes": [Function],
    "getNode": [Function],
    "render": [Function],
    "simulateError": [Function],
    "simulateEvent": [Function],
    "unmount": [Function],
  },
  Symbol(enzyme.__node__): Object {
    "instance": null,
    "key": undefined,
    "nodeType": "host",
    "props": Object {
      "children": Array [
        <Product
          product={
            Object {
              "description": "Pueblo hot roasted",
              "name": "chile pepper",
              "price": 20,
              "quantity": 1,
              "unit": "bushel",
            }
          }
        />,
        <Product
          product={
            Object {
              "description": "mini washed",
              "name": "carrot",
              "price": 5,
              "quantity": 10,
              "unit": "lbs",
            }
          }
        />,
        <Product
          product={
            Object {
              "description": "world famous Rocky Ford",
              "name": "cantaloupe",
              "price": 15,
              "quantity": 70,
              "unit": "lbs",
            }
          }
        />,
      ],
      "className": "product-list",
    },
    "ref": null,
    "rendered": Array [
      Object {
        "instance": null,
        "key": undefined,
        "nodeType": "class",
        "props": Object {
          "product": Object {
            "description": "Pueblo hot roasted",
            "name": "chile pepper",
            "price": 20,
            "quantity": 1,
            "unit": "bushel",
          },
        },
        "ref": null,
        "rendered": null,
        "type": [Function],
      },
      Object {
        "instance": null,
        "key": undefined,
        "nodeType": "class",
        "props": Object {
          "product": Object {
            "description": "mini washed",
            "name": "carrot",
            "price": 5,
            "quantity": 10,
            "unit": "lbs",
          },
        },
        "ref": null,
        "rendered": null,
        "type": [Function],
      },
      Object {
        "instance": null,
        "key": undefined,
        "nodeType": "class",
        "props": Object {
          "product": Object {
            "description": "world famous Rocky Ford",
            "name": "cantaloupe",
            "price": 15,
            "quantity": 70,
            "unit": "lbs",
          },
        },
        "ref": null,
        "rendered": null,
        "type": [Function],
      },
    ],
    "type": "section",
  },
  Symbol(enzyme.__nodes__): Array [
    Object {
      "instance": null,
      "key": undefined,
      "nodeType": "host",
      "props": Object {
        "children": Array [
          <Product
            product={
              Object {
                "description": "Pueblo hot roasted",
                "name": "chile pepper",
                "price": 20,
                "quantity": 1,
                "unit": "bushel",
              }
            }
          />,
          <Product
            product={
              Object {
                "description": "mini washed",
                "name": "carrot",
                "price": 5,
                "quantity": 10,
                "unit": "lbs",
              }
            }
          />,
          <Product
            product={
              Object {
                "description": "world famous Rocky Ford",
                "name": "cantaloupe",
                "price": 15,
                "quantity": 70,
                "unit": "lbs",
              }
            }
          />,
        ],
        "className": "product-list",
      },
      "ref": null,
      "rendered": Array [
        Object {
          "instance": null,
          "key": undefined,
          "nodeType": "class",
          "props": Object {
            "product": Object {
              "description": "Pueblo hot roasted",
              "name": "chile pepper",
              "price": 20,
              "quantity": 1,
              "unit": "bushel",
            },
          },
          "ref": null,
          "rendered": null,
          "type": [Function],
        },
        Object {
          "instance": null,
          "key": undefined,
          "nodeType": "class",
          "props": Object {
            "product": Object {
              "description": "mini washed",
              "name": "carrot",
              "price": 5,
              "quantity": 10,
              "unit": "lbs",
            },
          },
          "ref": null,
          "rendered": null,
          "type": [Function],
        },
        Object {
          "instance": null,
          "key": undefined,
          "nodeType": "class",
          "props": Object {
            "product": Object {
              "description": "world famous Rocky Ford",
              "name": "cantaloupe",
              "price": 15,
              "quantity": 70,
              "unit": "lbs",
            },
          },
          "ref": null,
          "rendered": null,
          "type": [Function],
        },
      ],
      "type": "section",
    },
  ],
  Symbol(enzyme.__options__): Object {
    "adapter": ReactSixteenAdapter {
      "options": Object {
        "enableComponentDidUpdateOnSetState": true,
        "legacyContextMode": "parent",
        "lifecycles": Object {
          "componentDidUpdate": Object {
            "onSetState": true,
          },
          "getChildContext": Object {
            "calledByRenderer": false,
          },
          "getDerivedStateFromProps": true,
          "getSnapshotBeforeUpdate": true,
          "setState": Object {
            "skipsComponentDidUpdateOnNullish": true,
          },
        },
      },
    },
  },
}
`;
