// Jest Snapshot v1, https://goo.gl/fbAQLP

exports[`AddProductForm should match snapshot 1`] = `
ShallowWrapper {
  Symbol(enzyme.__root__): [Circular],
  Symbol(enzyme.__unrendered__): <Connect(AddProductForm)
    fetchUser={[MockFunction]}
    items={
      Array [
        Object {
          "id": 1,
          "name": "Berries",
        },
        Object {
          "id": 11,
          "name": "Eggs",
        },
      ]
    }
    postItem={[MockFunction]}
    user={
      Object {
        "address": "12000 E. 47th Ave",
        "bio": "We Sell Lemons",
        "city": "denver",
        "email": "regular@email.com",
        "img_url": null,
        "lat": 39.7820535,
        "long": -104.8503416,
        "name": "Lemon Sisters",
        "phone": "(231) 341-4141",
        "products": Array [
          Object {
            "description": "a lb of broccoli",
            "id": 9,
            "item_id": 2,
            "name": "Broccoli",
            "price": 250,
            "unit": "lb",
            "user_id": 2,
            "vendorName": "Lemon Sisters",
          },
        ],
        "state": "CO",
        "token": "eyJhbGciOiJIUzI1NiJ9.eyJ1c2VyX2lkIjoyLCJleHAiOjE1NTA3MjM0OTZ9.az6Fs46yi1DL6u9J9cUWf3dt2aSbtsTHCNcTDGAQ-8k",
        "zip": 80239,
      }
    }
  />,
  Symbol(enzyme.__renderer__): Object {
    "batchedUpdates": [Function],
    "checkPropTypes": [Function],
    "getNode": [Function],
    "render": [Function],
    "simulateError": [Function],
    "simulateEvent": [Function],
    "unmount": [Function],
  },
  Symbol(enzyme.__node__): Object {
    "instance": null,
    "key": undefined,
    "nodeType": "function",
    "props": Object {
      "children": [Function],
    },
    "ref": null,
    "rendered": [Function],
    "type": Object {
      "$$typeof": Symbol(react.context),
      "_calculateChangedBits": null,
      "_context": Object {
        "$$typeof": Symbol(react.context),
        "Consumer": [Circular],
        "Provider": Object {
          "$$typeof": Symbol(react.provider),
          "_context": [Circular],
        },
        "_calculateChangedBits": null,
        "_currentRenderer": null,
        "_currentRenderer2": null,
        "_currentValue": null,
        "_currentValue2": null,
        "_threadCount": 0,
      },
    },
  },
  Symbol(enzyme.__nodes__): Array [
    Object {
      "instance": null,
      "key": undefined,
      "nodeType": "function",
      "props": Object {
        "children": [Function],
      },
      "ref": null,
      "rendered": [Function],
      "type": Object {
        "$$typeof": Symbol(react.context),
        "_calculateChangedBits": null,
        "_context": Object {
          "$$typeof": Symbol(react.context),
          "Consumer": [Circular],
          "Provider": Object {
            "$$typeof": Symbol(react.provider),
            "_context": [Circular],
          },
          "_calculateChangedBits": null,
          "_currentRenderer": null,
          "_currentRenderer2": null,
          "_currentValue": null,
          "_currentValue2": null,
          "_threadCount": 0,
        },
      },
    },
  ],
  Symbol(enzyme.__options__): Object {
    "adapter": ReactSixteenAdapter {
      "options": Object {
        "enableComponentDidUpdateOnSetState": true,
        "legacyContextMode": "parent",
        "lifecycles": Object {
          "componentDidUpdate": Object {
            "onSetState": true,
          },
          "getChildContext": Object {
            "calledByRenderer": false,
          },
          "getDerivedStateFromProps": true,
          "getSnapshotBeforeUpdate": true,
          "setState": Object {
            "skipsComponentDidUpdateOnNullish": true,
          },
        },
      },
    },
  },
}
`;
