// Jest Snapshot v1, https://goo.gl/fbAQLP

exports[`AddProductForm should match snapshot 1`] = `
ShallowWrapper {
  Symbol(enzyme.__root__): [Circular],
  Symbol(enzyme.__unrendered__): <AddProductForm
    fetchUser={[MockFunction]}
    items={
      Array [
        Object {
          "id": 1,
          "name": "Berries",
        },
        Object {
          "id": 11,
          "name": "Eggs",
        },
      ]
    }
    postItem={[MockFunction]}
    user={
      Object {
        "address": "12000 E. 47th Ave",
        "bio": "We Sell Lemons",
        "city": "denver",
        "email": "regular@email.com",
        "img_url": null,
        "lat": 39.7820535,
        "long": -104.8503416,
        "name": "Lemon Sisters",
        "phone": "(231) 341-4141",
        "products": Array [
          Object {
            "description": "a lb of broccoli",
            "id": 9,
            "item_id": 2,
            "name": "Broccoli",
            "price": 250,
            "unit": "lb",
            "user_id": 2,
            "vendorName": "Lemon Sisters",
          },
        ],
        "state": "CO",
        "token": "eyJhbGciOiJIUzI1NiJ9.eyJ1c2VyX2lkIjoyLCJleHAiOjE1NTA3MjM0OTZ9.az6Fs46yi1DL6u9J9cUWf3dt2aSbtsTHCNcTDGAQ-8k",
        "zip": 80239,
      }
    }
  />,
  Symbol(enzyme.__renderer__): Object {
    "batchedUpdates": [Function],
    "checkPropTypes": [Function],
    "getNode": [Function],
    "render": [Function],
    "simulateError": [Function],
    "simulateEvent": [Function],
    "unmount": [Function],
  },
  Symbol(enzyme.__node__): Object {
    "instance": null,
    "key": undefined,
    "nodeType": "host",
    "props": Object {
      "children": Array [
        <form
          className="add-product-form"
          onChange={[Function]}
          onSubmit={[Function]}
        >
          <h3>
            Add to Your Inventory
          </h3>
          <p>
            Add a Product 
            <select
              id=""
              name="item_id"
            >
              <option
                onChange={[Function]}
                value=""
              >
                select a product
              </option>
              <option
                value={1}
              >
                Berries
              </option>
              <option
                value={11}
              >
                Eggs
              </option>
            </select>
          </p>
          <p>
            Add Description 
            <input
              name="description"
              onChange={[Function]}
              placeholder="description"
              type="text"
            />
          </p>
          <p>
            Add Unit Amount 
            <input
              name="unit"
              onChange={[Function]}
              placeholder="unit i.e lb"
              type="text"
            />
          </p>
          <p>
            Add a Price $
            <input
              name="price"
              onChange={[Function]}
              placeholder="price i.e 5.50"
              type="number"
            />
          </p>
          <button>
            Submit
          </button>
          <p>
            <Link
              replace={false}
              to="/profile"
            >
              Return to Profile
            </Link>
          </p>
        </form>,
        <section
          className="my-products"
        >
          <ProductList
            products={
              Array [
                Object {
                  "description": "a lb of broccoli",
                  "id": 9,
                  "item_id": 2,
                  "name": "Broccoli",
                  "price": 250,
                  "unit": "lb",
                  "user_id": 2,
                  "vendorName": "Lemon Sisters",
                },
              ]
            }
          />
        </section>,
      ],
      "className": "add-product",
    },
    "ref": null,
    "rendered": Array [
      Object {
        "instance": null,
        "key": undefined,
        "nodeType": "host",
        "props": Object {
          "children": Array [
            <h3>
              Add to Your Inventory
            </h3>,
            <p>
              Add a Product 
              <select
                id=""
                name="item_id"
              >
                <option
                  onChange={[Function]}
                  value=""
                >
                  select a product
                </option>
                <option
                  value={1}
                >
                  Berries
                </option>
                <option
                  value={11}
                >
                  Eggs
                </option>
              </select>
            </p>,
            <p>
              Add Description 
              <input
                name="description"
                onChange={[Function]}
                placeholder="description"
                type="text"
              />
            </p>,
            <p>
              Add Unit Amount 
              <input
                name="unit"
                onChange={[Function]}
                placeholder="unit i.e lb"
                type="text"
              />
            </p>,
            <p>
              Add a Price $
              <input
                name="price"
                onChange={[Function]}
                placeholder="price i.e 5.50"
                type="number"
              />
            </p>,
            <button>
              Submit
            </button>,
            <p>
              <Link
                replace={false}
                to="/profile"
              >
                Return to Profile
              </Link>
            </p>,
          ],
          "className": "add-product-form",
          "onChange": [Function],
          "onSubmit": [Function],
        },
        "ref": null,
        "rendered": Array [
          Object {
            "instance": null,
            "key": undefined,
            "nodeType": "host",
            "props": Object {
              "children": "Add to Your Inventory",
            },
            "ref": null,
            "rendered": "Add to Your Inventory",
            "type": "h3",
          },
          Object {
            "instance": null,
            "key": undefined,
            "nodeType": "host",
            "props": Object {
              "children": Array [
                "Add a Product ",
                <select
                  id=""
                  name="item_id"
                >
                  <option
                    onChange={[Function]}
                    value=""
                  >
                    select a product
                  </option>
                  <option
                    value={1}
                  >
                    Berries
                  </option>
                  <option
                    value={11}
                  >
                    Eggs
                  </option>
                </select>,
              ],
            },
            "ref": null,
            "rendered": Array [
              "Add a Product ",
              Object {
                "instance": null,
                "key": undefined,
                "nodeType": "host",
                "props": Object {
                  "children": Array [
                    <option
                      onChange={[Function]}
                      value=""
                    >
                      select a product
                    </option>,
                    Array [
                      <option
                        value={1}
                      >
                        Berries
                      </option>,
                      <option
                        value={11}
                      >
                        Eggs
                      </option>,
                    ],
                  ],
                  "id": "",
                  "name": "item_id",
                },
                "ref": null,
                "rendered": Array [
                  Object {
                    "instance": null,
                    "key": undefined,
                    "nodeType": "host",
                    "props": Object {
                      "children": "select a product",
                      "onChange": [Function],
                      "value": "",
                    },
                    "ref": null,
                    "rendered": "select a product",
                    "type": "option",
                  },
                  Object {
                    "instance": null,
                    "key": "1",
                    "nodeType": "host",
                    "props": Object {
                      "children": "Berries",
                      "value": 1,
                    },
                    "ref": null,
                    "rendered": "Berries",
                    "type": "option",
                  },
                  Object {
                    "instance": null,
                    "key": "11",
                    "nodeType": "host",
                    "props": Object {
                      "children": "Eggs",
                      "value": 11,
                    },
                    "ref": null,
                    "rendered": "Eggs",
                    "type": "option",
                  },
                ],
                "type": "select",
              },
            ],
            "type": "p",
          },
          Object {
            "instance": null,
            "key": undefined,
            "nodeType": "host",
            "props": Object {
              "children": Array [
                "Add Description ",
                <input
                  name="description"
                  onChange={[Function]}
                  placeholder="description"
                  type="text"
                />,
              ],
            },
            "ref": null,
            "rendered": Array [
              "Add Description ",
              Object {
                "instance": null,
                "key": undefined,
                "nodeType": "host",
                "props": Object {
                  "name": "description",
                  "onChange": [Function],
                  "placeholder": "description",
                  "type": "text",
                },
                "ref": null,
                "rendered": null,
                "type": "input",
              },
            ],
            "type": "p",
          },
          Object {
            "instance": null,
            "key": undefined,
            "nodeType": "host",
            "props": Object {
              "children": Array [
                "Add Unit Amount ",
                <input
                  name="unit"
                  onChange={[Function]}
                  placeholder="unit i.e lb"
                  type="text"
                />,
              ],
            },
            "ref": null,
            "rendered": Array [
              "Add Unit Amount ",
              Object {
                "instance": null,
                "key": undefined,
                "nodeType": "host",
                "props": Object {
                  "name": "unit",
                  "onChange": [Function],
                  "placeholder": "unit i.e lb",
                  "type": "text",
                },
                "ref": null,
                "rendered": null,
                "type": "input",
              },
            ],
            "type": "p",
          },
          Object {
            "instance": null,
            "key": undefined,
            "nodeType": "host",
            "props": Object {
              "children": Array [
                "Add a Price $",
                <input
                  name="price"
                  onChange={[Function]}
                  placeholder="price i.e 5.50"
                  type="number"
                />,
              ],
            },
            "ref": null,
            "rendered": Array [
              "Add a Price $",
              Object {
                "instance": null,
                "key": undefined,
                "nodeType": "host",
                "props": Object {
                  "name": "price",
                  "onChange": [Function],
                  "placeholder": "price i.e 5.50",
                  "type": "number",
                },
                "ref": null,
                "rendered": null,
                "type": "input",
              },
            ],
            "type": "p",
          },
          Object {
            "instance": null,
            "key": undefined,
            "nodeType": "host",
            "props": Object {
              "children": "Submit",
            },
            "ref": null,
            "rendered": "Submit",
            "type": "button",
          },
          Object {
            "instance": null,
            "key": undefined,
            "nodeType": "host",
            "props": Object {
              "children": <Link
                replace={false}
                to="/profile"
              >
                Return to Profile
              </Link>,
            },
            "ref": null,
            "rendered": Object {
              "instance": null,
              "key": undefined,
              "nodeType": "class",
              "props": Object {
                "children": "Return to Profile",
                "replace": false,
                "to": "/profile",
              },
              "ref": null,
              "rendered": "Return to Profile",
              "type": [Function],
            },
            "type": "p",
          },
        ],
        "type": "form",
      },
      Object {
        "instance": null,
        "key": undefined,
        "nodeType": "host",
        "props": Object {
          "children": <ProductList
            products={
              Array [
                Object {
                  "description": "a lb of broccoli",
                  "id": 9,
                  "item_id": 2,
                  "name": "Broccoli",
                  "price": 250,
                  "unit": "lb",
                  "user_id": 2,
                  "vendorName": "Lemon Sisters",
                },
              ]
            }
          />,
          "className": "my-products",
        },
        "ref": null,
        "rendered": Object {
          "instance": null,
          "key": undefined,
          "nodeType": "function",
          "props": Object {
            "products": Array [
              Object {
                "description": "a lb of broccoli",
                "id": 9,
                "item_id": 2,
                "name": "Broccoli",
                "price": 250,
                "unit": "lb",
                "user_id": 2,
                "vendorName": "Lemon Sisters",
              },
            ],
          },
          "ref": null,
          "rendered": null,
          "type": [Function],
        },
        "type": "section",
      },
    ],
    "type": "section",
  },
  Symbol(enzyme.__nodes__): Array [
    Object {
      "instance": null,
      "key": undefined,
      "nodeType": "host",
      "props": Object {
        "children": Array [
          <form
            className="add-product-form"
            onChange={[Function]}
            onSubmit={[Function]}
          >
            <h3>
              Add to Your Inventory
            </h3>
            <p>
              Add a Product 
              <select
                id=""
                name="item_id"
              >
                <option
                  onChange={[Function]}
                  value=""
                >
                  select a product
                </option>
                <option
                  value={1}
                >
                  Berries
                </option>
                <option
                  value={11}
                >
                  Eggs
                </option>
              </select>
            </p>
            <p>
              Add Description 
              <input
                name="description"
                onChange={[Function]}
                placeholder="description"
                type="text"
              />
            </p>
            <p>
              Add Unit Amount 
              <input
                name="unit"
                onChange={[Function]}
                placeholder="unit i.e lb"
                type="text"
              />
            </p>
            <p>
              Add a Price $
              <input
                name="price"
                onChange={[Function]}
                placeholder="price i.e 5.50"
                type="number"
              />
            </p>
            <button>
              Submit
            </button>
            <p>
              <Link
                replace={false}
                to="/profile"
              >
                Return to Profile
              </Link>
            </p>
          </form>,
          <section
            className="my-products"
          >
            <ProductList
              products={
                Array [
                  Object {
                    "description": "a lb of broccoli",
                    "id": 9,
                    "item_id": 2,
                    "name": "Broccoli",
                    "price": 250,
                    "unit": "lb",
                    "user_id": 2,
                    "vendorName": "Lemon Sisters",
                  },
                ]
              }
            />
          </section>,
        ],
        "className": "add-product",
      },
      "ref": null,
      "rendered": Array [
        Object {
          "instance": null,
          "key": undefined,
          "nodeType": "host",
          "props": Object {
            "children": Array [
              <h3>
                Add to Your Inventory
              </h3>,
              <p>
                Add a Product 
                <select
                  id=""
                  name="item_id"
                >
                  <option
                    onChange={[Function]}
                    value=""
                  >
                    select a product
                  </option>
                  <option
                    value={1}
                  >
                    Berries
                  </option>
                  <option
                    value={11}
                  >
                    Eggs
                  </option>
                </select>
              </p>,
              <p>
                Add Description 
                <input
                  name="description"
                  onChange={[Function]}
                  placeholder="description"
                  type="text"
                />
              </p>,
              <p>
                Add Unit Amount 
                <input
                  name="unit"
                  onChange={[Function]}
                  placeholder="unit i.e lb"
                  type="text"
                />
              </p>,
              <p>
                Add a Price $
                <input
                  name="price"
                  onChange={[Function]}
                  placeholder="price i.e 5.50"
                  type="number"
                />
              </p>,
              <button>
                Submit
              </button>,
              <p>
                <Link
                  replace={false}
                  to="/profile"
                >
                  Return to Profile
                </Link>
              </p>,
            ],
            "className": "add-product-form",
            "onChange": [Function],
            "onSubmit": [Function],
          },
          "ref": null,
          "rendered": Array [
            Object {
              "instance": null,
              "key": undefined,
              "nodeType": "host",
              "props": Object {
                "children": "Add to Your Inventory",
              },
              "ref": null,
              "rendered": "Add to Your Inventory",
              "type": "h3",
            },
            Object {
              "instance": null,
              "key": undefined,
              "nodeType": "host",
              "props": Object {
                "children": Array [
                  "Add a Product ",
                  <select
                    id=""
                    name="item_id"
                  >
                    <option
                      onChange={[Function]}
                      value=""
                    >
                      select a product
                    </option>
                    <option
                      value={1}
                    >
                      Berries
                    </option>
                    <option
                      value={11}
                    >
                      Eggs
                    </option>
                  </select>,
                ],
              },
              "ref": null,
              "rendered": Array [
                "Add a Product ",
                Object {
                  "instance": null,
                  "key": undefined,
                  "nodeType": "host",
                  "props": Object {
                    "children": Array [
                      <option
                        onChange={[Function]}
                        value=""
                      >
                        select a product
                      </option>,
                      Array [
                        <option
                          value={1}
                        >
                          Berries
                        </option>,
                        <option
                          value={11}
                        >
                          Eggs
                        </option>,
                      ],
                    ],
                    "id": "",
                    "name": "item_id",
                  },
                  "ref": null,
                  "rendered": Array [
                    Object {
                      "instance": null,
                      "key": undefined,
                      "nodeType": "host",
                      "props": Object {
                        "children": "select a product",
                        "onChange": [Function],
                        "value": "",
                      },
                      "ref": null,
                      "rendered": "select a product",
                      "type": "option",
                    },
                    Object {
                      "instance": null,
                      "key": "1",
                      "nodeType": "host",
                      "props": Object {
                        "children": "Berries",
                        "value": 1,
                      },
                      "ref": null,
                      "rendered": "Berries",
                      "type": "option",
                    },
                    Object {
                      "instance": null,
                      "key": "11",
                      "nodeType": "host",
                      "props": Object {
                        "children": "Eggs",
                        "value": 11,
                      },
                      "ref": null,
                      "rendered": "Eggs",
                      "type": "option",
                    },
                  ],
                  "type": "select",
                },
              ],
              "type": "p",
            },
            Object {
              "instance": null,
              "key": undefined,
              "nodeType": "host",
              "props": Object {
                "children": Array [
                  "Add Description ",
                  <input
                    name="description"
                    onChange={[Function]}
                    placeholder="description"
                    type="text"
                  />,
                ],
              },
              "ref": null,
              "rendered": Array [
                "Add Description ",
                Object {
                  "instance": null,
                  "key": undefined,
                  "nodeType": "host",
                  "props": Object {
                    "name": "description",
                    "onChange": [Function],
                    "placeholder": "description",
                    "type": "text",
                  },
                  "ref": null,
                  "rendered": null,
                  "type": "input",
                },
              ],
              "type": "p",
            },
            Object {
              "instance": null,
              "key": undefined,
              "nodeType": "host",
              "props": Object {
                "children": Array [
                  "Add Unit Amount ",
                  <input
                    name="unit"
                    onChange={[Function]}
                    placeholder="unit i.e lb"
                    type="text"
                  />,
                ],
              },
              "ref": null,
              "rendered": Array [
                "Add Unit Amount ",
                Object {
                  "instance": null,
                  "key": undefined,
                  "nodeType": "host",
                  "props": Object {
                    "name": "unit",
                    "onChange": [Function],
                    "placeholder": "unit i.e lb",
                    "type": "text",
                  },
                  "ref": null,
                  "rendered": null,
                  "type": "input",
                },
              ],
              "type": "p",
            },
            Object {
              "instance": null,
              "key": undefined,
              "nodeType": "host",
              "props": Object {
                "children": Array [
                  "Add a Price $",
                  <input
                    name="price"
                    onChange={[Function]}
                    placeholder="price i.e 5.50"
                    type="number"
                  />,
                ],
              },
              "ref": null,
              "rendered": Array [
                "Add a Price $",
                Object {
                  "instance": null,
                  "key": undefined,
                  "nodeType": "host",
                  "props": Object {
                    "name": "price",
                    "onChange": [Function],
                    "placeholder": "price i.e 5.50",
                    "type": "number",
                  },
                  "ref": null,
                  "rendered": null,
                  "type": "input",
                },
              ],
              "type": "p",
            },
            Object {
              "instance": null,
              "key": undefined,
              "nodeType": "host",
              "props": Object {
                "children": "Submit",
              },
              "ref": null,
              "rendered": "Submit",
              "type": "button",
            },
            Object {
              "instance": null,
              "key": undefined,
              "nodeType": "host",
              "props": Object {
                "children": <Link
                  replace={false}
                  to="/profile"
                >
                  Return to Profile
                </Link>,
              },
              "ref": null,
              "rendered": Object {
                "instance": null,
                "key": undefined,
                "nodeType": "class",
                "props": Object {
                  "children": "Return to Profile",
                  "replace": false,
                  "to": "/profile",
                },
                "ref": null,
                "rendered": "Return to Profile",
                "type": [Function],
              },
              "type": "p",
            },
          ],
          "type": "form",
        },
        Object {
          "instance": null,
          "key": undefined,
          "nodeType": "host",
          "props": Object {
            "children": <ProductList
              products={
                Array [
                  Object {
                    "description": "a lb of broccoli",
                    "id": 9,
                    "item_id": 2,
                    "name": "Broccoli",
                    "price": 250,
                    "unit": "lb",
                    "user_id": 2,
                    "vendorName": "Lemon Sisters",
                  },
                ]
              }
            />,
            "className": "my-products",
          },
          "ref": null,
          "rendered": Object {
            "instance": null,
            "key": undefined,
            "nodeType": "function",
            "props": Object {
              "products": Array [
                Object {
                  "description": "a lb of broccoli",
                  "id": 9,
                  "item_id": 2,
                  "name": "Broccoli",
                  "price": 250,
                  "unit": "lb",
                  "user_id": 2,
                  "vendorName": "Lemon Sisters",
                },
              ],
            },
            "ref": null,
            "rendered": null,
            "type": [Function],
          },
          "type": "section",
        },
      ],
      "type": "section",
    },
  ],
  Symbol(enzyme.__options__): Object {
    "adapter": ReactSixteenAdapter {
      "options": Object {
        "enableComponentDidUpdateOnSetState": true,
        "legacyContextMode": "parent",
        "lifecycles": Object {
          "componentDidUpdate": Object {
            "onSetState": true,
          },
          "getChildContext": Object {
            "calledByRenderer": false,
          },
          "getDerivedStateFromProps": true,
          "getSnapshotBeforeUpdate": true,
          "setState": Object {
            "skipsComponentDidUpdateOnNullish": true,
          },
        },
      },
    },
  },
}
`;
