// Jest Snapshot v1, https://goo.gl/fbAQLP

exports[`header should match snapshot 1`] = `
ShallowWrapper {
  Symbol(enzyme.__root__): [Circular],
  Symbol(enzyme.__unrendered__): <Header />,
  Symbol(enzyme.__renderer__): Object {
    "batchedUpdates": [Function],
    "checkPropTypes": [Function],
    "getNode": [Function],
    "render": [Function],
    "simulateError": [Function],
    "simulateEvent": [Function],
    "unmount": [Function],
  },
  Symbol(enzyme.__node__): Object {
    "instance": null,
    "key": undefined,
    "nodeType": "host",
    "props": Object {
      "children": Array [
        <h1>
          from
          <span>
            the
          </span>
          farm
        </h1>,
        <img
          alt="from the farm cute pig logo"
          id="logo"
          src="https://www.shareicon.net/data/2016/06/18/596437_pig_512x512.png"
        />,
      ],
    },
    "ref": null,
    "rendered": Array [
      Object {
        "instance": null,
        "key": undefined,
        "nodeType": "host",
        "props": Object {
          "children": Array [
            "from",
            <span>
              the
            </span>,
            "farm",
          ],
        },
        "ref": null,
        "rendered": Array [
          "from",
          Object {
            "instance": null,
            "key": undefined,
            "nodeType": "host",
            "props": Object {
              "children": "the",
            },
            "ref": null,
            "rendered": "the",
            "type": "span",
          },
          "farm",
        ],
        "type": "h1",
      },
      Object {
        "instance": null,
        "key": undefined,
        "nodeType": "host",
        "props": Object {
          "alt": "from the farm cute pig logo",
          "id": "logo",
          "src": "https://www.shareicon.net/data/2016/06/18/596437_pig_512x512.png",
        },
        "ref": null,
        "rendered": null,
        "type": "img",
      },
    ],
    "type": "header",
  },
  Symbol(enzyme.__nodes__): Array [
    Object {
      "instance": null,
      "key": undefined,
      "nodeType": "host",
      "props": Object {
        "children": Array [
          <h1>
            from
            <span>
              the
            </span>
            farm
          </h1>,
          <img
            alt="from the farm cute pig logo"
            id="logo"
            src="https://www.shareicon.net/data/2016/06/18/596437_pig_512x512.png"
          />,
        ],
      },
      "ref": null,
      "rendered": Array [
        Object {
          "instance": null,
          "key": undefined,
          "nodeType": "host",
          "props": Object {
            "children": Array [
              "from",
              <span>
                the
              </span>,
              "farm",
            ],
          },
          "ref": null,
          "rendered": Array [
            "from",
            Object {
              "instance": null,
              "key": undefined,
              "nodeType": "host",
              "props": Object {
                "children": "the",
              },
              "ref": null,
              "rendered": "the",
              "type": "span",
            },
            "farm",
          ],
          "type": "h1",
        },
        Object {
          "instance": null,
          "key": undefined,
          "nodeType": "host",
          "props": Object {
            "alt": "from the farm cute pig logo",
            "id": "logo",
            "src": "https://www.shareicon.net/data/2016/06/18/596437_pig_512x512.png",
          },
          "ref": null,
          "rendered": null,
          "type": "img",
        },
      ],
      "type": "header",
    },
  ],
  Symbol(enzyme.__options__): Object {
    "adapter": ReactSixteenAdapter {
      "options": Object {
        "enableComponentDidUpdateOnSetState": true,
        "legacyContextMode": "parent",
        "lifecycles": Object {
          "componentDidUpdate": Object {
            "onSetState": true,
          },
          "getChildContext": Object {
            "calledByRenderer": false,
          },
          "getDerivedStateFromProps": true,
          "getSnapshotBeforeUpdate": true,
          "setState": Object {
            "skipsComponentDidUpdateOnNullish": true,
          },
        },
      },
    },
  },
}
`;
