// Jest Snapshot v1, https://goo.gl/fbAQLP

exports[`header should match snapshot 1`] = `
ShallowWrapper {
  Symbol(enzyme.__root__): [Circular],
  Symbol(enzyme.__unrendered__): <Header />,
  Symbol(enzyme.__renderer__): Object {
    "batchedUpdates": [Function],
    "checkPropTypes": [Function],
    "getNode": [Function],
    "render": [Function],
    "simulateError": [Function],
    "simulateEvent": [Function],
    "unmount": [Function],
  },
  Symbol(enzyme.__node__): Object {
    "instance": null,
    "key": undefined,
    "nodeType": "host",
    "props": Object {
      "children": <div
        className="container"
      >
        <div
          className="header-logo"
        >
          <h1>
            from
            <span>
              the
            </span>
            farm
          </h1>
          <img
            alt="from the farm cute pig logo"
            id="logo"
            src="pig-logo.png"
          />
          <p>
            menu
            <i
              className="fas fa-caret-right"
            />
          </p>
          <div
            className="menu"
          >
            <Link
              replace={false}
              to="/buy"
            >
              <i
                className="fas fa-carrot"
              />
            </Link>
            <Link
              replace={false}
              to="/profile"
            >
              <i
                className="fas fa-user-circle"
              />
            </Link>
            <Link
              replace={false}
              to="/add-product"
            >
              <i
                className="fas fa-plus-circle"
              />
               
            </Link>
            <Link
              replace={false}
              to="/"
            >
              <i
                className="fas fa-sign-out-alt"
              />
            </Link>
          </div>
        </div>
      </div>,
    },
    "ref": null,
    "rendered": Object {
      "instance": null,
      "key": undefined,
      "nodeType": "host",
      "props": Object {
        "children": <div
          className="header-logo"
        >
          <h1>
            from
            <span>
              the
            </span>
            farm
          </h1>
          <img
            alt="from the farm cute pig logo"
            id="logo"
            src="pig-logo.png"
          />
          <p>
            menu
            <i
              className="fas fa-caret-right"
            />
          </p>
          <div
            className="menu"
          >
            <Link
              replace={false}
              to="/buy"
            >
              <i
                className="fas fa-carrot"
              />
            </Link>
            <Link
              replace={false}
              to="/profile"
            >
              <i
                className="fas fa-user-circle"
              />
            </Link>
            <Link
              replace={false}
              to="/add-product"
            >
              <i
                className="fas fa-plus-circle"
              />
               
            </Link>
            <Link
              replace={false}
              to="/"
            >
              <i
                className="fas fa-sign-out-alt"
              />
            </Link>
          </div>
        </div>,
        "className": "container",
      },
      "ref": null,
      "rendered": Object {
        "instance": null,
        "key": undefined,
        "nodeType": "host",
        "props": Object {
          "children": Array [
            <h1>
              from
              <span>
                the
              </span>
              farm
            </h1>,
            <img
              alt="from the farm cute pig logo"
              id="logo"
              src="pig-logo.png"
            />,
            <p>
              menu
              <i
                className="fas fa-caret-right"
              />
            </p>,
            <div
              className="menu"
            >
              <Link
                replace={false}
                to="/buy"
              >
                <i
                  className="fas fa-carrot"
                />
              </Link>
              <Link
                replace={false}
                to="/profile"
              >
                <i
                  className="fas fa-user-circle"
                />
              </Link>
              <Link
                replace={false}
                to="/add-product"
              >
                <i
                  className="fas fa-plus-circle"
                />
                 
              </Link>
              <Link
                replace={false}
                to="/"
              >
                <i
                  className="fas fa-sign-out-alt"
                />
              </Link>
            </div>,
          ],
          "className": "header-logo",
        },
        "ref": null,
        "rendered": Array [
          Object {
            "instance": null,
            "key": undefined,
            "nodeType": "host",
            "props": Object {
              "children": Array [
                "from",
                <span>
                  the
                </span>,
                "farm",
              ],
            },
            "ref": null,
            "rendered": Array [
              "from",
              Object {
                "instance": null,
                "key": undefined,
                "nodeType": "host",
                "props": Object {
                  "children": "the",
                },
                "ref": null,
                "rendered": "the",
                "type": "span",
              },
              "farm",
            ],
            "type": "h1",
          },
          Object {
            "instance": null,
            "key": undefined,
            "nodeType": "host",
            "props": Object {
              "alt": "from the farm cute pig logo",
              "id": "logo",
              "src": "pig-logo.png",
            },
            "ref": null,
            "rendered": null,
            "type": "img",
          },
          Object {
            "instance": null,
            "key": undefined,
            "nodeType": "host",
            "props": Object {
              "children": Array [
                "menu",
                <i
                  className="fas fa-caret-right"
                />,
              ],
            },
            "ref": null,
            "rendered": Array [
              "menu",
              Object {
                "instance": null,
                "key": undefined,
                "nodeType": "host",
                "props": Object {
                  "className": "fas fa-caret-right",
                },
                "ref": null,
                "rendered": null,
                "type": "i",
              },
            ],
            "type": "p",
          },
          Object {
            "instance": null,
            "key": undefined,
            "nodeType": "host",
            "props": Object {
              "children": Array [
                <Link
                  replace={false}
                  to="/buy"
                >
                  <i
                    className="fas fa-carrot"
                  />
                </Link>,
                <Link
                  replace={false}
                  to="/profile"
                >
                  <i
                    className="fas fa-user-circle"
                  />
                </Link>,
                <Link
                  replace={false}
                  to="/add-product"
                >
                  <i
                    className="fas fa-plus-circle"
                  />
                   
                </Link>,
                <Link
                  replace={false}
                  to="/"
                >
                  <i
                    className="fas fa-sign-out-alt"
                  />
                </Link>,
              ],
              "className": "menu",
            },
            "ref": null,
            "rendered": Array [
              Object {
                "instance": null,
                "key": undefined,
                "nodeType": "class",
                "props": Object {
                  "children": <i
                    className="fas fa-carrot"
                  />,
                  "replace": false,
                  "to": "/buy",
                },
                "ref": null,
                "rendered": Object {
                  "instance": null,
                  "key": undefined,
                  "nodeType": "host",
                  "props": Object {
                    "className": "fas fa-carrot",
                  },
                  "ref": null,
                  "rendered": null,
                  "type": "i",
                },
                "type": [Function],
              },
              Object {
                "instance": null,
                "key": undefined,
                "nodeType": "class",
                "props": Object {
                  "children": <i
                    className="fas fa-user-circle"
                  />,
                  "replace": false,
                  "to": "/profile",
                },
                "ref": null,
                "rendered": Object {
                  "instance": null,
                  "key": undefined,
                  "nodeType": "host",
                  "props": Object {
                    "className": "fas fa-user-circle",
                  },
                  "ref": null,
                  "rendered": null,
                  "type": "i",
                },
                "type": [Function],
              },
              Object {
                "instance": null,
                "key": undefined,
                "nodeType": "class",
                "props": Object {
                  "children": Array [
                    <i
                      className="fas fa-plus-circle"
                    />,
                    " ",
                  ],
                  "replace": false,
                  "to": "/add-product",
                },
                "ref": null,
                "rendered": Array [
                  Object {
                    "instance": null,
                    "key": undefined,
                    "nodeType": "host",
                    "props": Object {
                      "className": "fas fa-plus-circle",
                    },
                    "ref": null,
                    "rendered": null,
                    "type": "i",
                  },
                  " ",
                ],
                "type": [Function],
              },
              Object {
                "instance": null,
                "key": undefined,
                "nodeType": "class",
                "props": Object {
                  "children": <i
                    className="fas fa-sign-out-alt"
                  />,
                  "replace": false,
                  "to": "/",
                },
                "ref": null,
                "rendered": Object {
                  "instance": null,
                  "key": undefined,
                  "nodeType": "host",
                  "props": Object {
                    "className": "fas fa-sign-out-alt",
                  },
                  "ref": null,
                  "rendered": null,
                  "type": "i",
                },
                "type": [Function],
              },
            ],
            "type": "div",
          },
        ],
        "type": "div",
      },
      "type": "div",
    },
    "type": "header",
  },
  Symbol(enzyme.__nodes__): Array [
    Object {
      "instance": null,
      "key": undefined,
      "nodeType": "host",
      "props": Object {
        "children": <div
          className="container"
        >
          <div
            className="header-logo"
          >
            <h1>
              from
              <span>
                the
              </span>
              farm
            </h1>
            <img
              alt="from the farm cute pig logo"
              id="logo"
              src="pig-logo.png"
            />
            <p>
              menu
              <i
                className="fas fa-caret-right"
              />
            </p>
            <div
              className="menu"
            >
              <Link
                replace={false}
                to="/buy"
              >
                <i
                  className="fas fa-carrot"
                />
              </Link>
              <Link
                replace={false}
                to="/profile"
              >
                <i
                  className="fas fa-user-circle"
                />
              </Link>
              <Link
                replace={false}
                to="/add-product"
              >
                <i
                  className="fas fa-plus-circle"
                />
                 
              </Link>
              <Link
                replace={false}
                to="/"
              >
                <i
                  className="fas fa-sign-out-alt"
                />
              </Link>
            </div>
          </div>
        </div>,
      },
      "ref": null,
      "rendered": Object {
        "instance": null,
        "key": undefined,
        "nodeType": "host",
        "props": Object {
          "children": <div
            className="header-logo"
          >
            <h1>
              from
              <span>
                the
              </span>
              farm
            </h1>
            <img
              alt="from the farm cute pig logo"
              id="logo"
              src="pig-logo.png"
            />
            <p>
              menu
              <i
                className="fas fa-caret-right"
              />
            </p>
            <div
              className="menu"
            >
              <Link
                replace={false}
                to="/buy"
              >
                <i
                  className="fas fa-carrot"
                />
              </Link>
              <Link
                replace={false}
                to="/profile"
              >
                <i
                  className="fas fa-user-circle"
                />
              </Link>
              <Link
                replace={false}
                to="/add-product"
              >
                <i
                  className="fas fa-plus-circle"
                />
                 
              </Link>
              <Link
                replace={false}
                to="/"
              >
                <i
                  className="fas fa-sign-out-alt"
                />
              </Link>
            </div>
          </div>,
          "className": "container",
        },
        "ref": null,
        "rendered": Object {
          "instance": null,
          "key": undefined,
          "nodeType": "host",
          "props": Object {
            "children": Array [
              <h1>
                from
                <span>
                  the
                </span>
                farm
              </h1>,
              <img
                alt="from the farm cute pig logo"
                id="logo"
                src="pig-logo.png"
              />,
              <p>
                menu
                <i
                  className="fas fa-caret-right"
                />
              </p>,
              <div
                className="menu"
              >
                <Link
                  replace={false}
                  to="/buy"
                >
                  <i
                    className="fas fa-carrot"
                  />
                </Link>
                <Link
                  replace={false}
                  to="/profile"
                >
                  <i
                    className="fas fa-user-circle"
                  />
                </Link>
                <Link
                  replace={false}
                  to="/add-product"
                >
                  <i
                    className="fas fa-plus-circle"
                  />
                   
                </Link>
                <Link
                  replace={false}
                  to="/"
                >
                  <i
                    className="fas fa-sign-out-alt"
                  />
                </Link>
              </div>,
            ],
            "className": "header-logo",
          },
          "ref": null,
          "rendered": Array [
            Object {
              "instance": null,
              "key": undefined,
              "nodeType": "host",
              "props": Object {
                "children": Array [
                  "from",
                  <span>
                    the
                  </span>,
                  "farm",
                ],
              },
              "ref": null,
              "rendered": Array [
                "from",
                Object {
                  "instance": null,
                  "key": undefined,
                  "nodeType": "host",
                  "props": Object {
                    "children": "the",
                  },
                  "ref": null,
                  "rendered": "the",
                  "type": "span",
                },
                "farm",
              ],
              "type": "h1",
            },
            Object {
              "instance": null,
              "key": undefined,
              "nodeType": "host",
              "props": Object {
                "alt": "from the farm cute pig logo",
                "id": "logo",
                "src": "pig-logo.png",
              },
              "ref": null,
              "rendered": null,
              "type": "img",
            },
            Object {
              "instance": null,
              "key": undefined,
              "nodeType": "host",
              "props": Object {
                "children": Array [
                  "menu",
                  <i
                    className="fas fa-caret-right"
                  />,
                ],
              },
              "ref": null,
              "rendered": Array [
                "menu",
                Object {
                  "instance": null,
                  "key": undefined,
                  "nodeType": "host",
                  "props": Object {
                    "className": "fas fa-caret-right",
                  },
                  "ref": null,
                  "rendered": null,
                  "type": "i",
                },
              ],
              "type": "p",
            },
            Object {
              "instance": null,
              "key": undefined,
              "nodeType": "host",
              "props": Object {
                "children": Array [
                  <Link
                    replace={false}
                    to="/buy"
                  >
                    <i
                      className="fas fa-carrot"
                    />
                  </Link>,
                  <Link
                    replace={false}
                    to="/profile"
                  >
                    <i
                      className="fas fa-user-circle"
                    />
                  </Link>,
                  <Link
                    replace={false}
                    to="/add-product"
                  >
                    <i
                      className="fas fa-plus-circle"
                    />
                     
                  </Link>,
                  <Link
                    replace={false}
                    to="/"
                  >
                    <i
                      className="fas fa-sign-out-alt"
                    />
                  </Link>,
                ],
                "className": "menu",
              },
              "ref": null,
              "rendered": Array [
                Object {
                  "instance": null,
                  "key": undefined,
                  "nodeType": "class",
                  "props": Object {
                    "children": <i
                      className="fas fa-carrot"
                    />,
                    "replace": false,
                    "to": "/buy",
                  },
                  "ref": null,
                  "rendered": Object {
                    "instance": null,
                    "key": undefined,
                    "nodeType": "host",
                    "props": Object {
                      "className": "fas fa-carrot",
                    },
                    "ref": null,
                    "rendered": null,
                    "type": "i",
                  },
                  "type": [Function],
                },
                Object {
                  "instance": null,
                  "key": undefined,
                  "nodeType": "class",
                  "props": Object {
                    "children": <i
                      className="fas fa-user-circle"
                    />,
                    "replace": false,
                    "to": "/profile",
                  },
                  "ref": null,
                  "rendered": Object {
                    "instance": null,
                    "key": undefined,
                    "nodeType": "host",
                    "props": Object {
                      "className": "fas fa-user-circle",
                    },
                    "ref": null,
                    "rendered": null,
                    "type": "i",
                  },
                  "type": [Function],
                },
                Object {
                  "instance": null,
                  "key": undefined,
                  "nodeType": "class",
                  "props": Object {
                    "children": Array [
                      <i
                        className="fas fa-plus-circle"
                      />,
                      " ",
                    ],
                    "replace": false,
                    "to": "/add-product",
                  },
                  "ref": null,
                  "rendered": Array [
                    Object {
                      "instance": null,
                      "key": undefined,
                      "nodeType": "host",
                      "props": Object {
                        "className": "fas fa-plus-circle",
                      },
                      "ref": null,
                      "rendered": null,
                      "type": "i",
                    },
                    " ",
                  ],
                  "type": [Function],
                },
                Object {
                  "instance": null,
                  "key": undefined,
                  "nodeType": "class",
                  "props": Object {
                    "children": <i
                      className="fas fa-sign-out-alt"
                    />,
                    "replace": false,
                    "to": "/",
                  },
                  "ref": null,
                  "rendered": Object {
                    "instance": null,
                    "key": undefined,
                    "nodeType": "host",
                    "props": Object {
                      "className": "fas fa-sign-out-alt",
                    },
                    "ref": null,
                    "rendered": null,
                    "type": "i",
                  },
                  "type": [Function],
                },
              ],
              "type": "div",
            },
          ],
          "type": "div",
        },
        "type": "div",
      },
      "type": "header",
    },
  ],
  Symbol(enzyme.__options__): Object {
    "adapter": ReactSixteenAdapter {
      "options": Object {
        "enableComponentDidUpdateOnSetState": true,
        "legacyContextMode": "parent",
        "lifecycles": Object {
          "componentDidUpdate": Object {
            "onSetState": true,
          },
          "getChildContext": Object {
            "calledByRenderer": false,
          },
          "getDerivedStateFromProps": true,
          "getSnapshotBeforeUpdate": true,
          "setState": Object {
            "skipsComponentDidUpdateOnNullish": true,
          },
        },
      },
    },
  },
}
`;
